** Drc report for SRAM_exp.kicad_pcb **
** Created on 2026-09-14T23:37:48 **
** Report includes: Errors, Warnings, Exclusions **

** Found 74 DRC violations **
[missing_courtyard]: Footprint has no courtyard defined
    Local override; warning
    @(117.8679 mm, 121.5651 mm): Footprint U2
[missing_courtyard]: Footprint has no courtyard defined
    Local override; warning
    @(113.6417 mm, 110.0700 mm): Footprint REF**
[missing_courtyard]: Footprint has no courtyard defined
    Local override; warning
    @(149.2417 mm, 118.7700 mm): Footprint G***
[missing_courtyard]: Footprint has no courtyard defined
    Local override; warning
    @(98.1234 mm, 121.5901 mm): Footprint J2
[missing_courtyard]: Footprint has no courtyard defined
    Local override; warning
    @(116.3679 mm, 110.2651 mm): Footprint G***
[lib_footprint_mismatch]: Footprint 'PinHeader_1x01_P1.00mm_Vertical' does not match copy in library 'Connector_PinHeader_1.00mm'
    Local override; warning
    @(103.2234 mm, 120.3001 mm): Footprint TP1
[lib_footprint_mismatch]: Footprint 'PinHeader_1x01_P1.00mm_Vertical' does not match copy in library 'Connector_PinHeader_1.00mm'
    Local override; warning
    @(103.1234 mm, 125.4001 mm): Footprint TP3
[lib_footprint_mismatch]: Footprint 'R_0402_1005Metric_Pad0.72x0.64mm_HandSolder' does not match copy in library 'Resistor_SMD'
    Local override; warning
    @(146.0417 mm, 103.2700 mm): Footprint R1
[lib_footprint_issues]: The current configuration does not include the footprint library '1_klm-sram-exp-lib'
    Local override; warning
    @(149.9417 mm, 106.7325 mm): Footprint J3
[lib_footprint_mismatch]: Footprint 'R_0402_1005Metric_Pad0.72x0.64mm_HandSolder' does not match copy in library 'Resistor_SMD'
    Local override; warning
    @(151.4417 mm, 103.2700 mm): Footprint R2
[lib_footprint_mismatch]: Footprint 'PinHeader_1x01_P1.00mm_Vertical' does not match copy in library 'Connector_PinHeader_1.00mm'
    Local override; warning
    @(124.9479 mm, 122.8851 mm): Footprint TP2
[lib_footprint_mismatch]: Footprint 'R_0603_1608Metric_Pad0.98x0.95mm_HandSolder' does not match copy in library 'Resistor_SMD'
    Local override; warning
    @(119.4017 mm, 113.7100 mm): Footprint R4
[lib_footprint_issues]: The current configuration does not include the footprint library '1_My_footprint_lib'
    Local override; warning
    @(117.8679 mm, 121.5651 mm): Footprint U2
[lib_footprint_mismatch]: Footprint 'LED_0402_1005Metric_Pad0.77x0.64mm_HandSolder' does not match copy in library 'LED_SMD'
    Local override; warning
    @(112.7851 mm, 113.7286 mm): Footprint D1
[lib_footprint_issues]: The current configuration does not include the footprint library '1_My_footprint_lib'
    Local override; warning
    @(165.9417 mm, 114.7838 mm): Footprint U1
[lib_footprint_issues]: The current configuration does not include the footprint library '1_My_footprint_lib'
    Local override; warning
    @(113.6417 mm, 110.0700 mm): Footprint REF**
[lib_footprint_mismatch]: Footprint 'PinHeader_1x01_P1.00mm_Vertical' does not match copy in library 'Connector_PinHeader_1.00mm'
    Local override; warning
    @(181.4417 mm, 123.9838 mm): Footprint TP11
[lib_footprint_issues]: The current configuration does not include the footprint library '1_My_footprint_lib'
    Local override; warning
    @(132.1234 mm, 115.0001 mm): Footprint H2
[lib_footprint_issues]: The current configuration does not include the footprint library '1_My_footprint_lib'
    Local override; warning
    @(149.2417 mm, 118.7700 mm): Footprint G***
[lib_footprint_issues]: The current configuration does not include the footprint library '1_My_footprint_lib'
    Local override; warning
    @(98.1234 mm, 121.5901 mm): Footprint J2
[lib_footprint_issues]: The current configuration does not include the footprint library '1_My_footprint_lib'
    Local override; warning
    @(144.2417 mm, 114.2838 mm): Footprint J1
[lib_footprint_mismatch]: Footprint 'C_1206_3216Metric' does not match copy in library 'Capacitor_SMD'
    Local override; warning
    @(116.5979 mm, 118.0091 mm): Footprint C4
[lib_footprint_mismatch]: Footprint 'C_1206_3216Metric' does not match copy in library 'Capacitor_SMD'
    Local override; warning
    @(121.9319 mm, 121.8900 mm): Footprint C3
[lib_footprint_mismatch]: Footprint 'C_0603_1608Metric' does not match copy in library 'Capacitor_SMD'
    Local override; warning
    @(165.9417 mm, 125.0838 mm): Footprint C1
[lib_footprint_mismatch]: Footprint 'C_0603_1608Metric' does not match copy in library 'Capacitor_SMD'
    Local override; warning
    @(165.9417 mm, 104.3300 mm): Footprint C2
[lib_footprint_issues]: The current configuration does not include the footprint library '1_My_footprint_lib'
    Local override; warning
    @(116.3679 mm, 110.2651 mm): Footprint G***
[text_thickness]: Text thickness out of range (TrueType font characters with insufficient stroke weight)
    Rule: board setup constraints silk text thickness; warning
    @(123.4679 mm, 107.2651 mm): PCB text 'University of Hawai'i
at Manoa' on B.Silkscreen
[silk_overlap]: Silkscreen clearance
    Rule: board setup constraints silk; warning
    @(146.1417 mm, 109.2700 mm): Segment on F.Silkscreen
    @(157.3587 mm, 109.1705 mm): Segment of J3 on F.Silkscreen
[silk_over_copper]: Silkscreen clipped by solder mask
    Local override; warning
    @(106.6234 mm, 125.5001 mm): Value field of TP3 (GND)
    @(108.0984 mm, 125.9700 mm): Via [GND] on F.Cu - B.Cu
[silk_over_copper]: Silkscreen clipped by solder mask
    Local override; warning
    @(113.0417 mm, 113.0700 mm): PCB text '#KSAS_' on F.Silkscreen
    @(113.0017 mm, 109.7100 mm): Via [GND] on F.Cu - B.Cu
[silk_over_copper]: Silkscreen clipped by solder mask
    Local override; warning
    @(113.0417 mm, 113.0700 mm): PCB text '#KSAS_' on F.Silkscreen
    @(113.0054 mm, 112.2059 mm): Via [GND] on F.Cu - B.Cu
[silk_over_copper]: Silkscreen clipped by solder mask
    Local override; warning
    @(113.6417 mm, 113.0700 mm): Polygon of REF** on F.Silkscreen
    @(123.0054 mm, 112.2059 mm): Via [GND] on F.Cu - B.Cu
[silk_over_copper]: Silkscreen clipped by solder mask
    Local override; warning
    @(113.6417 mm, 113.0700 mm): Polygon of REF** on F.Silkscreen
    @(123.0417 mm, 109.6900 mm): Via [GND] on F.Cu - B.Cu
[silk_over_copper]: Silkscreen clipped by solder mask
    Local override; warning
    @(113.6417 mm, 113.0700 mm): Polygon of REF** on F.Silkscreen
    @(118.0417 mm, 107.1838 mm): Via [GND] on F.Cu - B.Cu
[silk_over_copper]: Silkscreen clipped by solder mask
    Local override; warning
    @(113.6417 mm, 113.0700 mm): Polygon of REF** on F.Silkscreen
    @(118.0054 mm, 109.7059 mm): Via [GND] on F.Cu - B.Cu
[silk_over_copper]: Silkscreen clipped by solder mask
    Local override; warning
    @(113.6417 mm, 113.0700 mm): Polygon of REF** on F.Silkscreen
    @(123.0417 mm, 107.1838 mm): Via [GND] on F.Cu - B.Cu
[silk_over_copper]: Silkscreen clipped by solder mask
    Local override; warning
    @(113.6417 mm, 113.0700 mm): Polygon of REF** on F.Silkscreen
    @(118.0054 mm, 112.2059 mm): Via [GND] on F.Cu - B.Cu
[silk_over_copper]: Silkscreen clipped by solder mask
    Local override; warning
    @(113.0417 mm, 113.0700 mm): PCB text '#KSAS_' on F.Silkscreen
    @(113.0017 mm, 107.2100 mm): Via [GND] on F.Cu - B.Cu
[silk_over_copper]: Silkscreen clipped by solder mask
    Local override; warning
    @(112.7784 mm, 119.6811 mm): Segment on F.Silkscreen
    @(113.7679 mm, 119.6701 mm): Via [+5V] on F.Cu - B.Cu
[silk_over_copper]: Silkscreen clipped by solder mask
    Local override; warning
    @(112.7784 mm, 123.4911 mm): Segment on F.Silkscreen
    @(113.7679 mm, 123.4701 mm): Via [+5V] on F.Cu - B.Cu
[silk_over_copper]: Silkscreen clipped by solder mask
    Local override; warning
    @(121.9224 mm, 122.2211 mm): Segment on F.Silkscreen
    @(122.3679 mm, 122.1651 mm): Via [+3.3V] on F.Cu - B.Cu
[silk_over_copper]: Silkscreen clipped by solder mask
    Local override; warning
    @(117.8679 mm, 124.0797 mm): Arc of U2 on F.Silkscreen
    @(117.9234 mm, 123.6001 mm): Via [GND] on F.Cu - B.Cu
[silk_over_copper]: Silkscreen clipped by solder mask
    Local override; warning
    @(117.9334 mm, 117.9701 mm): Reference field of U2
    @(118.0417 mm, 117.1900 mm): Via [GND] on F.Cu - B.Cu
[silk_over_copper]: Silkscreen clipped by solder mask
    Local override; warning
    @(149.1093 mm, 116.8769 mm): Polygon of G*** on F.Silkscreen
    @(149.1417 mm, 119.1838 mm): Via [GND] on F.Cu - B.Cu
[silk_over_copper]: Silkscreen clipped by solder mask
    Local override; warning
    @(148.8264 mm, 110.8180 mm): Polygon of G*** on F.Silkscreen
    @(145.5417 mm, 114.2838 mm): Via [GND] on F.Cu - B.Cu
[silk_over_copper]: Silkscreen clipped by solder mask
    Local override; warning
    @(148.8264 mm, 110.8180 mm): Polygon of G*** on F.Silkscreen
    @(146.7417 mm, 119.1838 mm): Via [GND] on F.Cu - B.Cu
[silk_over_copper]: Silkscreen clipped by solder mask
    Local override; warning
    @(148.8264 mm, 110.8180 mm): Polygon of G*** on F.Silkscreen
    @(151.5417 mm, 119.1838 mm): Via [GND] on F.Cu - B.Cu
[silk_over_copper]: Silkscreen clipped by solder mask
    Local override; warning
    @(148.8264 mm, 110.8180 mm): Polygon of G*** on F.Silkscreen
    @(152.3417 mm, 118.8338 mm): Via [/A4] on F.Cu - B.Cu
[silk_over_copper]: Silkscreen clipped by solder mask
    Local override; warning
    @(148.8264 mm, 110.8180 mm): Polygon of G*** on F.Silkscreen
    @(153.1417 mm, 118.4838 mm): Via [/A3] on F.Cu - B.Cu
[silk_over_copper]: Silkscreen clipped by solder mask
    Local override; warning
    @(152.5979 mm, 124.3951 mm): Polygon of G*** on F.Silkscreen
    @(153.0417 mm, 125.9651 mm): Via [GND] on F.Cu - B.Cu
[silk_over_copper]: Silkscreen clipped by solder mask
    Local override; warning
    @(153.8794 mm, 125.0015 mm): Polygon of G*** on F.Silkscreen
    @(153.0417 mm, 125.9651 mm): Via [GND] on F.Cu - B.Cu
[silk_over_copper]: Silkscreen clipped by solder mask
    Local override; warning
    @(143.5247 mm, 124.3946 mm): Polygon of G*** on F.Silkscreen
    @(143.0417 mm, 125.9651 mm): Via [GND] on F.Cu - B.Cu
[silk_over_copper]: Silkscreen clipped by solder mask
    Local override; warning
    @(159.7187 mm, 105.3604 mm): Segment of U1 on F.Silkscreen
    @(159.5417 mm, 118.4838 mm): Via [Net-(U1-CS#)] on F.Cu - B.Cu
[silk_over_copper]: Silkscreen clipped by solder mask
    Local override; warning
    @(180.6967 mm, 124.7188 mm): Segment of TP11 on F.Silkscreen
    @(180.5479 mm, 124.6851 mm): Via [GND] on F.Cu - B.Cu
[silk_over_copper]: Silkscreen clipped by solder mask
    Local override; warning
    @(172.1647 mm, 124.2072 mm): Segment of U1 on F.Silkscreen
    @(172.3417 mm, 118.7838 mm): Via [/A19] on F.Cu - B.Cu
[silk_over_copper]: Silkscreen clipped by solder mask
    Local override; warning
    @(172.1647 mm, 124.2072 mm): Segment of U1 on F.Silkscreen
    @(172.3417 mm, 109.7838 mm): Via [/A10] on F.Cu - B.Cu
[silk_over_copper]: Silkscreen clipped by solder mask
    Local override; warning
    @(180.6967 mm, 124.7188 mm): Segment of TP11 on F.Silkscreen
    @(180.5479 mm, 124.6851 mm): Via [GND] on F.Cu - B.Cu
[silk_over_copper]: Silkscreen clipped by solder mask
    Local override; warning
    @(180.6967 mm, 124.7188 mm): Segment of TP11 on F.Silkscreen
    @(180.5479 mm, 124.6851 mm): Via [GND] on F.Cu - B.Cu
[silk_over_copper]: Silkscreen clipped by solder mask
    Local override; warning
    @(181.2417 mm, 104.2838 mm): Value field of TP4 (OEb)
    @(180.5417 mm, 104.6838 mm): Via [GND] on F.Cu - B.Cu
[silk_over_copper]: Silkscreen clipped by solder mask
    Local override; warning
    @(123.4679 mm, 107.2651 mm): PCB text 'University of Hawai'i
at Manoa' on B.Silkscreen
    @(128.0417 mm, 107.1838 mm): Via [GND] on F.Cu - B.Cu
[silk_over_copper]: Silkscreen clipped by solder mask
    Local override; warning
    @(144.8417 mm, 114.2838 mm): Segment of J1 on B.Silkscreen
    @(144.2417 mm, 114.2838 mm): NPTH pad of J1
[silk_over_copper]: Silkscreen clipped by solder mask
    Local override; warning
    @(144.3417 mm, 116.0838 mm): Segment of J1 on B.Silkscreen
    @(144.2417 mm, 114.2838 mm): NPTH pad of J1
[silk_over_copper]: Silkscreen clipped by solder mask
    Local override; warning
    @(144.3417 mm, 114.2838 mm): Segment of J1 on B.Silkscreen
    @(144.2417 mm, 114.2838 mm): NPTH pad of J1
[silk_over_copper]: Silkscreen clipped by solder mask
    Local override; warning
    @(178.5417 mm, 117.3838 mm): Segment of J1 on B.Silkscreen
    @(180.5417 mm, 117.1838 mm): Via [GND] on F.Cu - B.Cu
[silk_over_copper]: Silkscreen clipped by solder mask
    Local override; warning
    @(180.3417 mm, 114.2838 mm): Segment of J1 on B.Silkscreen
    @(180.4417 mm, 114.2838 mm): NPTH pad of J1
[silk_over_copper]: Silkscreen clipped by solder mask
    Local override; warning
    @(180.3417 mm, 116.0838 mm): Segment of J1 on B.Silkscreen
    @(180.4417 mm, 114.2838 mm): NPTH pad of J1
[silk_over_copper]: Silkscreen clipped by solder mask
    Local override; warning
    @(161.8417 mm, 110.4838 mm): Segment of J1 on B.Silkscreen
    @(161.8162 mm, 110.4646 mm): Via [/A5] on F.Cu - B.Cu
[silk_over_copper]: Silkscreen clipped by solder mask
    Local override; warning
    @(169.8417 mm, 110.4838 mm): Segment of J1 on B.Silkscreen
    @(169.9417 mm, 110.3838 mm): Via [/A20] on F.Cu - B.Cu
[silk_over_copper]: Silkscreen clipped by solder mask
    Local override; warning
    @(117.5941 mm, 111.8376 mm): Polygon of G*** on B.Silkscreen
    @(118.0054 mm, 112.2059 mm): Via [GND] on F.Cu - B.Cu
[silk_over_copper]: Silkscreen clipped by solder mask
    Local override; warning
    @(115.8866 mm, 118.9191 mm): Segment of C4 on B.Silkscreen
    @(116.0899 mm, 118.6651 mm): Via [+5V] on F.Cu - B.Cu
[silk_over_copper]: Silkscreen clipped by solder mask
    Local override; warning
    @(121.9417 mm, 125.1700 mm): Reference field of C3
    @(120.9679 mm, 124.5651 mm): Via [+3.3V] on F.Cu - B.Cu
[silk_over_copper]: Silkscreen clipped by solder mask
    Local override; warning
    @(121.9417 mm, 125.1700 mm): Reference field of C3
    @(123.0417 mm, 125.9700 mm): Via [GND] on F.Cu - B.Cu
[silk_over_copper]: Silkscreen clipped by solder mask
    Local override; warning
    @(121.9417 mm, 125.1700 mm): Reference field of C3
    @(122.3679 mm, 124.5651 mm): Via [+3.3V] on F.Cu - B.Cu
[silk_over_copper]: Silkscreen clipped by solder mask
    Local override; warning
    @(123.4679 mm, 107.2651 mm): PCB text 'University of Hawai'i
at Manoa' on B.Silkscreen
    @(123.0417 mm, 107.1838 mm): Via [GND] on F.Cu - B.Cu

** Found 0 unconnected pads **

** Found 2 Footprint errors **
[footprint_symbol_mismatch]: 1_My_footprint_lib:CONN_5177985-3_TYC doesn't match footprint given by symbol (CONN_5177985-3_TYC)
    Local override; warning
    @(144.2417 mm, 114.2838 mm): Footprint J1
[footprint_symbol_mismatch]: 1_My_footprint_lib:48L_TSOP-1_12X20_ISI doesn't match footprint given by symbol (48L_TSOP-1_12X20_ISI)
    Local override; warning
    @(165.9417 mm, 114.7838 mm): Footprint U1

** Ignored checks **
    - Track endpoint not centered on via
    - Tuning profile track geometries
    - Footprint doesn't match symbol's footprint filters
    - Footprint component type doesn't match footprint pads

** End of Report **
