** Drc report for one2eight_twoPole_SMD.kicad_pcb **
** Created on 2026-09-14T23:37:46 **
** Report includes: Errors, Warnings, Exclusions **

** Found 18 DRC violations **
[lib_footprint_issues]: The footprint library '1_klm-sram-exp-lib' is not enabled in the current configuration
    Local override; warning
    @(130.7500 mm, 111.2500 mm): Footprint TP8
[lib_footprint_issues]: The footprint library '1_klm-sram-exp-lib' is not enabled in the current configuration
    Local override; warning
    @(127.7500 mm, 111.2500 mm): Footprint TP7
[lib_footprint_issues]: The footprint library '1_klm-sram-exp-lib' is not enabled in the current configuration
    Local override; warning
    @(113.5000 mm, 111.2500 mm): Footprint TP16
[lib_footprint_issues]: The footprint library '1_klm-sram-exp-lib' is not enabled in the current configuration
    Local override; warning
    @(136.6000 mm, 111.2500 mm): Footprint TP9
[lib_footprint_issues]: The footprint library '1_klm-sram-exp-lib' is not enabled in the current configuration
    Local override; warning
    @(119.7500 mm, 100.5000 mm): Footprint TP14
[lib_footprint_issues]: The footprint library '1_klm-sram-exp-lib' is not enabled in the current configuration
    Local override; warning
    @(123.7500 mm, 109.2500 mm): Footprint TP2
[lib_footprint_issues]: The footprint library '1_klm-sram-exp-lib' is not enabled in the current configuration
    Local override; warning
    @(110.5000 mm, 100.5000 mm): Footprint TP11
[lib_footprint_issues]: The footprint library '1_klm-sram-exp-lib' is not enabled in the current configuration
    Local override; warning
    @(119.7500 mm, 111.2500 mm): Footprint TP18
[lib_footprint_issues]: The footprint library '1_klm-sram-exp-lib' is not enabled in the current configuration
    Local override; warning
    @(123.7500 mm, 102.7500 mm): Footprint TP1
[lib_footprint_issues]: The footprint library '1_klm-sram-exp-lib' is not enabled in the current configuration
    Local override; warning
    @(133.7500 mm, 111.2500 mm): Footprint TP10
[lib_footprint_issues]: The footprint library '1_klm-sram-exp-lib' is not enabled in the current configuration
    Local override; warning
    @(136.6000 mm, 100.5000 mm): Footprint TP5
[lib_footprint_issues]: The footprint library '1_klm-sram-exp-lib' is not enabled in the current configuration
    Local override; warning
    @(127.7500 mm, 100.5000 mm): Footprint TP4
[lib_footprint_issues]: The footprint library '1_klm-sram-exp-lib' is not enabled in the current configuration
    Local override; warning
    @(130.7500 mm, 100.5000 mm): Footprint TP3
[lib_footprint_issues]: The footprint library '1_klm-sram-exp-lib' is not enabled in the current configuration
    Local override; warning
    @(110.5000 mm, 111.2500 mm): Footprint TP15
[lib_footprint_issues]: The footprint library '1_klm-sram-exp-lib' is not enabled in the current configuration
    Local override; warning
    @(116.7500 mm, 111.2500 mm): Footprint TP17
[lib_footprint_issues]: The footprint library '1_klm-sram-exp-lib' is not enabled in the current configuration
    Local override; warning
    @(133.7500 mm, 100.5000 mm): Footprint TP6
[lib_footprint_issues]: The footprint library '1_klm-sram-exp-lib' is not enabled in the current configuration
    Local override; warning
    @(116.7500 mm, 100.5000 mm): Footprint TP13
[lib_footprint_issues]: The footprint library '1_klm-sram-exp-lib' is not enabled in the current configuration
    Local override; warning
    @(113.5000 mm, 100.5000 mm): Footprint TP12

** Found 0 unconnected pads **

** Found 16 Footprint errors **
[footprint_symbol_field_mismatch]: Missing symbol field 'Sim.Pins' in footprint
    Local override; warning
    @(138.7500 mm, 107.2500 mm): Footprint D1
[footprint_symbol_field_mismatch]: Field 'Description' differs (PCB: '', Schematic: 'Resistor')
    Local override; warning
    @(138.7500 mm, 104.2500 mm): Footprint R1
[footprint_symbol_mismatch]: Footprint attributes don't match symbol: 'Do not populate' settings differ
    Local override; warning
    @(123.7500 mm, 102.7500 mm): Footprint TP1
[footprint_symbol_mismatch]: Footprint attributes don't match symbol: 'Exclude from bill of materials' settings differ
    Local override; warning
    @(123.7500 mm, 102.7500 mm): Footprint TP1
[footprint_symbol_field_mismatch]: Field 'Description' differs (PCB: '', Schematic: 'test point')
    Local override; warning
    @(123.7500 mm, 102.7500 mm): Footprint TP1
[footprint_symbol_mismatch]: Footprint attributes don't match symbol: 'Do not populate' settings differ
    Local override; warning
    @(123.7500 mm, 109.2500 mm): Footprint TP2
[footprint_symbol_mismatch]: Footprint attributes don't match symbol: 'Exclude from bill of materials' settings differ
    Local override; warning
    @(123.7500 mm, 109.2500 mm): Footprint TP2
[footprint_symbol_field_mismatch]: Field 'Description' differs (PCB: '', Schematic: 'test point')
    Local override; warning
    @(123.7500 mm, 109.2500 mm): Footprint TP2
[footprint_symbol_mismatch]: Footprint attributes don't match symbol: 'Do not populate' settings differ
    Local override; warning
    @(130.7500 mm, 100.5000 mm): Footprint TP3
[footprint_symbol_mismatch]: Footprint attributes don't match symbol: 'Do not populate' settings differ
    Local override; warning
    @(136.6000 mm, 100.5000 mm): Footprint TP5
[footprint_symbol_mismatch]: Footprint attributes don't match symbol: 'Do not populate' settings differ
    Local override; warning
    @(127.7500 mm, 111.2500 mm): Footprint TP7
[footprint_symbol_mismatch]: Footprint attributes don't match symbol: 'Do not populate' settings differ
    Local override; warning
    @(136.6000 mm, 111.2500 mm): Footprint TP9
[footprint_symbol_mismatch]: Footprint attributes don't match symbol: 'Do not populate' settings differ
    Local override; warning
    @(110.5000 mm, 100.5000 mm): Footprint TP11
[footprint_symbol_mismatch]: Footprint attributes don't match symbol: 'Do not populate' settings differ
    Local override; warning
    @(116.7500 mm, 100.5000 mm): Footprint TP13
[footprint_symbol_mismatch]: Footprint attributes don't match symbol: 'Do not populate' settings differ
    Local override; warning
    @(110.5000 mm, 111.2500 mm): Footprint TP15
[footprint_symbol_mismatch]: Footprint attributes don't match symbol: 'Do not populate' settings differ
    Local override; warning
    @(116.7500 mm, 111.2500 mm): Footprint TP17

** Ignored checks **
    - Footprint has no courtyard defined
    - Track endpoint not centered on via
    - Tuning profile track geometries
    - Footprint doesn't match symbol's footprint filters
    - PTH inside courtyard
    - NPTH inside courtyard
    - Footprint component type doesn't match footprint pads

** End of Report **
